Compiled from "BuildInfo.scala"
public final class zio.json.golden.BuildInfo$ implements scala.Product,scala.Serializable {
  public static zio.json.golden.BuildInfo$ MODULE$;

  private final java.lang.String organization;

  private final java.lang.String moduleName;

  private final java.lang.String name;

  private final java.lang.String version;

  private final java.lang.String scalaVersion;

  private final java.lang.String sbtVersion;

  private final boolean isSnapshot;

  private final java.lang.String toString;

  public static {};
    Code:
       0: new           #2                  // class zio/json/golden/BuildInfo$
       3: invokespecial #26                 // Method "<init>":()V
       6: return

  public java.lang.String organization();
    Code:
       0: aload_0
       1: getfield      #29                 // Field organization:Ljava/lang/String;
       4: areturn

  public java.lang.String moduleName();
    Code:
       0: aload_0
       1: getfield      #32                 // Field moduleName:Ljava/lang/String;
       4: areturn

  public java.lang.String name();
    Code:
       0: aload_0
       1: getfield      #34                 // Field name:Ljava/lang/String;
       4: areturn

  public java.lang.String version();
    Code:
       0: aload_0
       1: getfield      #36                 // Field version:Ljava/lang/String;
       4: areturn

  public java.lang.String scalaVersion();
    Code:
       0: aload_0
       1: getfield      #38                 // Field scalaVersion:Ljava/lang/String;
       4: areturn

  public java.lang.String sbtVersion();
    Code:
       0: aload_0
       1: getfield      #40                 // Field sbtVersion:Ljava/lang/String;
       4: areturn

  public boolean isSnapshot();
    Code:
       0: aload_0
       1: getfield      #43                 // Field isSnapshot:Z
       4: ireturn

  public java.lang.String toString();
    Code:
       0: aload_0
       1: getfield      #45                 // Field toString:Ljava/lang/String;
       4: areturn

  public java.lang.String productPrefix();
    Code:
       0: ldc           #48                 // String BuildInfo
       2: areturn

  public int productArity();
    Code:
       0: iconst_0
       1: ireturn

  public java.lang.Object productElement(int);
    Code:
       0: new           #55                 // class java/lang/IndexOutOfBoundsException
       3: dup
       4: iload_1
       5: invokestatic  #60                 // Method java/lang/Integer.toString:(I)Ljava/lang/String;
       8: invokespecial #63                 // Method java/lang/IndexOutOfBoundsException."<init>":(Ljava/lang/String;)V
      11: athrow

  public scala.collection.Iterator<java.lang.Object> productIterator();
    Code:
       0: getstatic     #72                 // Field scala/runtime/ScalaRunTime$.MODULE$:Lscala/runtime/ScalaRunTime$;
       3: aload_0
       4: invokevirtual #76                 // Method scala/runtime/ScalaRunTime$.typedProductIterator:(Lscala/Product;)Lscala/collection/Iterator;
       7: areturn

  public boolean canEqual(java.lang.Object);
    Code:
       0: aload_1
       1: instanceof    #2                  // class zio/json/golden/BuildInfo$
       4: ireturn

  public int hashCode();
    Code:
       0: ldc           #81                 // int 602658844
       2: ireturn

  private java.lang.Object readResolve();
    Code:
       0: getstatic     #85                 // Field MODULE$:Lzio/json/golden/BuildInfo$;
       3: areturn

  private zio.json.golden.BuildInfo$();
    Code:
       0: aload_0
       1: invokespecial #86                 // Method java/lang/Object."<init>":()V
       4: aload_0
       5: putstatic     #85                 // Field MODULE$:Lzio/json/golden/BuildInfo$;
       8: aload_0
       9: invokestatic  #90                 // InterfaceMethod scala/Product.$init$:(Lscala/Product;)V
      12: aload_0
      13: ldc           #92                 // String dev.zio
      15: putfield      #29                 // Field organization:Ljava/lang/String;
      18: aload_0
      19: ldc           #94                 // String zio-json-golden
      21: putfield      #32                 // Field moduleName:Ljava/lang/String;
      24: aload_0
      25: ldc           #94                 // String zio-json-golden
      27: putfield      #34                 // Field name:Ljava/lang/String;
      30: aload_0
      31: ldc           #96                 // String 0.6.0
      33: putfield      #36                 // Field version:Ljava/lang/String;
      36: aload_0
      37: ldc           #98                 // String 2.12.14
      39: putfield      #38                 // Field scalaVersion:Ljava/lang/String;
      42: aload_0
      43: ldc           #100                // String 1.9.0
      45: putfield      #40                 // Field sbtVersion:Ljava/lang/String;
      48: aload_0
      49: iconst_0
      50: putfield      #43                 // Field isSnapshot:Z
      53: aload_0
      54: new           #102                // class scala/collection/immutable/StringOps
      57: dup
      58: getstatic     #107                // Field scala/Predef$.MODULE$:Lscala/Predef$;
      61: ldc           #109                // String organization: %s, moduleName: %s, name: %s, version: %s, scalaVersion: %s, sbtVersion: %s, isSnapshot: %s
      63: invokevirtual #113                // Method scala/Predef$.augmentString:(Ljava/lang/String;)Ljava/lang/String;
      66: invokespecial #114                // Method scala/collection/immutable/StringOps."<init>":(Ljava/lang/String;)V
      69: getstatic     #107                // Field scala/Predef$.MODULE$:Lscala/Predef$;
      72: bipush        7
      74: anewarray     #4                  // class java/lang/Object
      77: dup
      78: iconst_0
      79: aload_0
      80: invokevirtual #116                // Method organization:()Ljava/lang/String;
      83: aastore
      84: dup
      85: iconst_1
      86: aload_0
      87: invokevirtual #118                // Method moduleName:()Ljava/lang/String;
      90: aastore
      91: dup
      92: iconst_2
      93: aload_0
      94: invokevirtual #120                // Method name:()Ljava/lang/String;
      97: aastore
      98: dup
      99: iconst_3
     100: aload_0
     101: invokevirtual #122                // Method version:()Ljava/lang/String;
     104: aastore
     105: dup
     106: iconst_4
     107: aload_0
     108: invokevirtual #124                // Method scalaVersion:()Ljava/lang/String;
     111: aastore
     112: dup
     113: iconst_5
     114: aload_0
     115: invokevirtual #126                // Method sbtVersion:()Ljava/lang/String;
     118: aastore
     119: dup
     120: bipush        6
     122: aload_0
     123: invokevirtual #128                // Method isSnapshot:()Z
     126: invokestatic  #134                // Method scala/runtime/BoxesRunTime.boxToBoolean:(Z)Ljava/lang/Boolean;
     129: aastore
     130: invokevirtual #138                // Method scala/Predef$.genericWrapArray:(Ljava/lang/Object;)Lscala/collection/mutable/WrappedArray;
     133: invokevirtual #142                // Method scala/collection/immutable/StringOps.format:(Lscala/collection/Seq;)Ljava/lang/String;
     136: putfield      #45                 // Field toString:Ljava/lang/String;
     139: return
}
