Compiled from "BuildInfo.scala"
public final class zio.json.golden.BuildInfo {
  public static int hashCode();
    Code:
       0: getstatic     #16                 // Field zio/json/golden/BuildInfo$.MODULE$:Lzio/json/golden/BuildInfo$;
       3: invokevirtual #18                 // Method zio/json/golden/BuildInfo$.hashCode:()I
       6: ireturn

  public static boolean canEqual(java.lang.Object);
    Code:
       0: getstatic     #16                 // Field zio/json/golden/BuildInfo$.MODULE$:Lzio/json/golden/BuildInfo$;
       3: aload_0
       4: invokevirtual #23                 // Method zio/json/golden/BuildInfo$.canEqual:(Ljava/lang/Object;)Z
       7: ireturn

  public static scala.collection.Iterator<java.lang.Object> productIterator();
    Code:
       0: getstatic     #16                 // Field zio/json/golden/BuildInfo$.MODULE$:Lzio/json/golden/BuildInfo$;
       3: invokevirtual #28                 // Method zio/json/golden/BuildInfo$.productIterator:()Lscala/collection/Iterator;
       6: areturn

  public static java.lang.Object productElement(int);
    Code:
       0: getstatic     #16                 // Field zio/json/golden/BuildInfo$.MODULE$:Lzio/json/golden/BuildInfo$;
       3: iload_0
       4: invokevirtual #32                 // Method zio/json/golden/BuildInfo$.productElement:(I)Ljava/lang/Object;
       7: areturn

  public static int productArity();
    Code:
       0: getstatic     #16                 // Field zio/json/golden/BuildInfo$.MODULE$:Lzio/json/golden/BuildInfo$;
       3: invokevirtual #35                 // Method zio/json/golden/BuildInfo$.productArity:()I
       6: ireturn

  public static java.lang.String productPrefix();
    Code:
       0: getstatic     #16                 // Field zio/json/golden/BuildInfo$.MODULE$:Lzio/json/golden/BuildInfo$;
       3: invokevirtual #39                 // Method zio/json/golden/BuildInfo$.productPrefix:()Ljava/lang/String;
       6: areturn

  public static java.lang.String toString();
    Code:
       0: getstatic     #16                 // Field zio/json/golden/BuildInfo$.MODULE$:Lzio/json/golden/BuildInfo$;
       3: invokevirtual #42                 // Method zio/json/golden/BuildInfo$.toString:()Ljava/lang/String;
       6: areturn

  public static boolean isSnapshot();
    Code:
       0: getstatic     #16                 // Field zio/json/golden/BuildInfo$.MODULE$:Lzio/json/golden/BuildInfo$;
       3: invokevirtual #46                 // Method zio/json/golden/BuildInfo$.isSnapshot:()Z
       6: ireturn

  public static java.lang.String sbtVersion();
    Code:
       0: getstatic     #16                 // Field zio/json/golden/BuildInfo$.MODULE$:Lzio/json/golden/BuildInfo$;
       3: invokevirtual #49                 // Method zio/json/golden/BuildInfo$.sbtVersion:()Ljava/lang/String;
       6: areturn

  public static java.lang.String scalaVersion();
    Code:
       0: getstatic     #16                 // Field zio/json/golden/BuildInfo$.MODULE$:Lzio/json/golden/BuildInfo$;
       3: invokevirtual #52                 // Method zio/json/golden/BuildInfo$.scalaVersion:()Ljava/lang/String;
       6: areturn

  public static java.lang.String version();
    Code:
       0: getstatic     #16                 // Field zio/json/golden/BuildInfo$.MODULE$:Lzio/json/golden/BuildInfo$;
       3: invokevirtual #55                 // Method zio/json/golden/BuildInfo$.version:()Ljava/lang/String;
       6: areturn

  public static java.lang.String name();
    Code:
       0: getstatic     #16                 // Field zio/json/golden/BuildInfo$.MODULE$:Lzio/json/golden/BuildInfo$;
       3: invokevirtual #58                 // Method zio/json/golden/BuildInfo$.name:()Ljava/lang/String;
       6: areturn

  public static java.lang.String moduleName();
    Code:
       0: getstatic     #16                 // Field zio/json/golden/BuildInfo$.MODULE$:Lzio/json/golden/BuildInfo$;
       3: invokevirtual #61                 // Method zio/json/golden/BuildInfo$.moduleName:()Ljava/lang/String;
       6: areturn

  public static java.lang.String organization();
    Code:
       0: getstatic     #16                 // Field zio/json/golden/BuildInfo$.MODULE$:Lzio/json/golden/BuildInfo$;
       3: invokevirtual #64                 // Method zio/json/golden/BuildInfo$.organization:()Ljava/lang/String;
       6: areturn
}
