Compiled from "filehelpers.scala"
public final class zio.json.golden.filehelpers {
  public static zio.ZIO<java.lang.Object, java.lang.Throwable, zio.json.golden.GoldenSample> readSampleFromFile(java.nio.file.Path, java.lang.Object);
    Code:
       0: getstatic     #19                 // Field zio/json/golden/filehelpers$.MODULE$:Lzio/json/golden/filehelpers$;
       3: aload_0
       4: aload_1
       5: invokevirtual #21                 // Method zio/json/golden/filehelpers$.readSampleFromFile:(Ljava/nio/file/Path;Ljava/lang/Object;)Lzio/ZIO;
       8: areturn

  public static zio.ZIO<java.lang.Object, java.io.IOException, scala.runtime.BoxedUnit> writeSampleToFile(java.nio.file.Path, zio.json.golden.GoldenSample, java.lang.Object);
    Code:
       0: getstatic     #19                 // Field zio/json/golden/filehelpers$.MODULE$:Lzio/json/golden/filehelpers$;
       3: aload_0
       4: aload_1
       5: aload_2
       6: invokevirtual #27                 // Method zio/json/golden/filehelpers$.writeSampleToFile:(Ljava/nio/file/Path;Lzio/json/golden/GoldenSample;Ljava/lang/Object;)Lzio/ZIO;
       9: areturn

  public static zio.ZIO<java.lang.Object, java.lang.Throwable, java.nio.file.Path> createGoldenDirectory(java.lang.String, java.lang.Object);
    Code:
       0: getstatic     #19                 // Field zio/json/golden/filehelpers$.MODULE$:Lzio/json/golden/filehelpers$;
       3: aload_0
       4: aload_1
       5: invokevirtual #33                 // Method zio/json/golden/filehelpers$.createGoldenDirectory:(Ljava/lang/String;Ljava/lang/Object;)Lzio/ZIO;
       8: areturn

  public static zio.ZIO<java.lang.Object, java.lang.Throwable, java.io.File> getRootDir(java.io.File, java.lang.Object);
    Code:
       0: getstatic     #19                 // Field zio/json/golden/filehelpers$.MODULE$:Lzio/json/golden/filehelpers$;
       3: aload_0
       4: aload_1
       5: invokevirtual #39                 // Method zio/json/golden/filehelpers$.getRootDir:(Ljava/io/File;Ljava/lang/Object;)Lzio/ZIO;
       8: areturn
}
