Compiled from "filehelpers.scala"
public final class zio.json.golden.filehelpers$ {
  public static zio.json.golden.filehelpers$ MODULE$;

  public static {};
    Code:
       0: new           #2                  // class zio/json/golden/filehelpers$
       3: invokespecial #32                 // Method "<init>":()V
       6: return

  public zio.ZIO<java.lang.Object, java.lang.Throwable, java.io.File> getRootDir(java.io.File, java.lang.Object);
    Code:
       0: aload_1
       1: invokevirtual #43                 // Method java/io/File.getName:()Ljava/lang/String;
       4: ldc           #45                 // String target
       6: astore_3
       7: dup
       8: ifnonnull     15
      11: pop
      12: goto          36
      15: aload_3
      16: invokevirtual #49                 // Method java/lang/Object.equals:(Ljava/lang/Object;)Z
      19: ifeq          36
      22: getstatic     #54                 // Field zio/ZIO$.MODULE$:Lzio/ZIO$;
      25: aload_1
      26: invokedynamic #78,  0             // InvokeDynamic #0:apply:(Ljava/io/File;)Lscala/Function0;
      31: aload_2
      32: invokevirtual #82                 // Method zio/ZIO$.succeed:(Lscala/Function0;Ljava/lang/Object;)Lzio/ZIO;
      35: areturn
      36: getstatic     #54                 // Field zio/ZIO$.MODULE$:Lzio/ZIO$;
      39: aload_1
      40: invokedynamic #87,  0             // InvokeDynamic #1:apply:(Ljava/io/File;)Lscala/Function0;
      45: aload_2
      46: invokevirtual #90                 // Method zio/ZIO$.attempt:(Lscala/Function0;Ljava/lang/Object;)Lzio/ZIO;
      49: aload_2
      50: invokedynamic #102,  0            // InvokeDynamic #2:apply:(Ljava/lang/Object;)Lscala/Function1;
      55: aload_2
      56: invokeinterface #108,  3          // InterfaceMethod zio/ZIO.flatMap:(Lscala/Function1;Ljava/lang/Object;)Lzio/ZIO;
      61: areturn

  public zio.ZIO<java.lang.Object, java.lang.Throwable, java.nio.file.Path> createGoldenDirectory(java.lang.String, java.lang.Object);
    Code:
       0: getstatic     #122                // Field zio/stacktracer/TracingImplicits$.MODULE$:Lzio/stacktracer/TracingImplicits$;
       3: invokevirtual #126                // Method zio/stacktracer/TracingImplicits$.disableAutoTrace:()Lzio/stacktracer/DisableAutoTrace;
       6: pop
       7: new           #39                 // class java/io/File
      10: dup
      11: aload_0
      12: invokevirtual #130                // Method getClass:()Ljava/lang/Class;
      15: ldc           #132                // String /
      17: invokevirtual #138                // Method java/lang/Class.getResource:(Ljava/lang/String;)Ljava/net/URL;
      20: invokevirtual #144                // Method java/net/URL.toURI:()Ljava/net/URI;
      23: invokespecial #147                // Method java/io/File."<init>":(Ljava/net/URI;)V
      26: astore_3
      27: aload_0
      28: aload_3
      29: aload_2
      30: invokevirtual #149                // Method getRootDir:(Ljava/io/File;Ljava/lang/Object;)Lzio/ZIO;
      33: aload_1
      34: invokedynamic #159,  0            // InvokeDynamic #3:apply:(Ljava/lang/String;)Lscala/Function1;
      39: aload_2
      40: invokeinterface #162,  3          // InterfaceMethod zio/ZIO.map:(Lscala/Function1;Ljava/lang/Object;)Lzio/ZIO;
      45: aload_2
      46: invokedynamic #170,  0            // InvokeDynamic #4:apply:(Ljava/lang/Object;)Lscala/Function1;
      51: aload_2
      52: invokeinterface #108,  3          // InterfaceMethod zio/ZIO.flatMap:(Lscala/Function1;Ljava/lang/Object;)Lzio/ZIO;
      57: areturn

  public zio.ZIO<java.lang.Object, java.io.IOException, scala.runtime.BoxedUnit> writeSampleToFile(java.nio.file.Path, zio.json.golden.GoldenSample, java.lang.Object);
    Code:
       0: getstatic     #180                // Field zio/json/package$EncoderOps$.MODULE$:Lzio/json/package$EncoderOps$;
       3: getstatic     #185                // Field zio/json/package$.MODULE$:Lzio/json/package$;
       6: aload_2
       7: invokevirtual #188                // Method zio/json/package$.EncoderOps:(Ljava/lang/Object;)Ljava/lang/Object;
      10: getstatic     #193                // Field zio/json/JsonEncoder$.MODULE$:Lzio/json/JsonEncoder$;
      13: getstatic     #198                // Field zio/json/golden/GoldenSample$.MODULE$:Lzio/json/golden/GoldenSample$;
      16: invokevirtual #202                // Method zio/json/golden/GoldenSample$.jsonCodec:()Lzio/json/JsonCodec;
      19: invokevirtual #206                // Method zio/json/JsonEncoder$.fromCodec:(Lzio/json/JsonCodec;)Lzio/json/JsonEncoder;
      22: invokevirtual #210                // Method zio/json/package$EncoderOps$.toJsonPretty$extension:(Ljava/lang/Object;Lzio/json/JsonEncoder;)Ljava/lang/String;
      25: astore        4
      27: getstatic     #54                 // Field zio/ZIO$.MODULE$:Lzio/ZIO$;
      30: aload_1
      31: aload         4
      33: invokedynamic #220,  0            // InvokeDynamic #5:apply:(Ljava/nio/file/Path;Ljava/lang/String;)Lscala/Function0;
      38: aload_3
      39: invokevirtual #223                // Method zio/ZIO$.attemptBlockingIO:(Lscala/Function0;Ljava/lang/Object;)Lzio/ZIO;
      42: aload_3
      43: invokeinterface #227,  2          // InterfaceMethod zio/ZIO.unit:(Ljava/lang/Object;)Lzio/ZIO;
      48: areturn

  public zio.ZIO<java.lang.Object, java.lang.Throwable, zio.json.golden.GoldenSample> readSampleFromFile(java.nio.file.Path, java.lang.Object);
    Code:
       0: getstatic     #185                // Field zio/json/package$.MODULE$:Lzio/json/package$;
       3: aload_1
       4: invokeinterface #238,  1          // InterfaceMethod java/nio/file/Path.toFile:()Ljava/io/File;
       9: invokevirtual #242                // Method zio/json/package$.readJsonAs:(Ljava/io/File;)Lzio/stream/ZStream;
      12: aload_2
      13: invokevirtual #247                // Method zio/stream/ZStream.runHead:(Ljava/lang/Object;)Lzio/ZIO;
      16: getstatic     #252                // Field zio/IsSubtypeOfOutput$.MODULE$:Lzio/IsSubtypeOfOutput$;
      19: getstatic     #257                // Field scala/Predef$.MODULE$:Lscala/Predef$;
      22: invokevirtual #261                // Method scala/Predef$.$conforms:()Lscala/Predef$$less$colon$less;
      25: invokevirtual #265                // Method zio/IsSubtypeOfOutput$.impl:(Lscala/Predef$$less$colon$less;)Lzio/IsSubtypeOfOutput;
      28: getstatic     #257                // Field scala/Predef$.MODULE$:Lscala/Predef$;
      31: invokevirtual #261                // Method scala/Predef$.$conforms:()Lscala/Predef$$less$colon$less;
      34: aload_2
      35: invokeinterface #269,  4          // InterfaceMethod zio/ZIO.someOrFailException:(Lzio/IsSubtypeOfOutput;Lscala/Predef$$less$colon$less;Ljava/lang/Object;)Lzio/ZIO;
      40: aload_2
      41: invokedynamic #277,  0            // InvokeDynamic #6:apply:(Ljava/lang/Object;)Lscala/Function1;
      46: aload_2
      47: invokeinterface #108,  3          // InterfaceMethod zio/ZIO.flatMap:(Lscala/Function1;Ljava/lang/Object;)Lzio/ZIO;
      52: areturn

  public static final java.io.File $anonfun$getRootDir$1(java.io.File);
    Code:
       0: aload_0
       1: areturn

  public static final java.io.File $anonfun$getRootDir$2(java.io.File);
    Code:
       0: aload_0
       1: invokevirtual #281                // Method java/io/File.getParentFile:()Ljava/io/File;
       4: areturn

  public static final zio.ZIO $anonfun$getRootDir$3(java.lang.Object, java.io.File);
    Code:
       0: getstatic     #284                // Field MODULE$:Lzio/json/golden/filehelpers$;
       3: aload_1
       4: aload_0
       5: invokevirtual #149                // Method getRootDir:(Ljava/io/File;Ljava/lang/Object;)Lzio/ZIO;
       8: areturn

  public static final scala.Tuple3 $anonfun$createGoldenDirectory$1(java.lang.String, java.io.File);
    Code:
       0: new           #39                 // class java/io/File
       3: dup
       4: aload_1
       5: invokevirtual #281                // Method java/io/File.getParentFile:()Ljava/io/File;
       8: aload_0
       9: invokespecial #289                // Method java/io/File."<init>":(Ljava/io/File;Ljava/lang/String;)V
      12: astore_2
      13: aload_2
      14: invokevirtual #292                // Method java/io/File.toPath:()Ljava/nio/file/Path;
      17: astore_3
      18: new           #294                // class scala/Tuple3
      21: dup
      22: aload_1
      23: aload_2
      24: aload_3
      25: invokespecial #297                // Method scala/Tuple3."<init>":(Ljava/lang/Object;Ljava/lang/Object;Ljava/lang/Object;)V
      28: areturn

  public static final boolean $anonfun$createGoldenDirectory$3(java.io.File);
    Code:
       0: aload_0
       1: invokevirtual #305                // Method java/io/File.mkdirs:()Z
       4: ireturn

  public static final java.nio.file.Path $anonfun$createGoldenDirectory$4(java.nio.file.Path, boolean);
    Code:
       0: aload_0
       1: areturn

  public static final zio.ZIO $anonfun$createGoldenDirectory$2(java.lang.Object, scala.Tuple3);
    Code:
       0: aload_1
       1: ifnull        51
       4: aload_1
       5: invokevirtual #315                // Method scala/Tuple3._2:()Ljava/lang/Object;
       8: checkcast     #39                 // class java/io/File
      11: astore_3
      12: aload_1
      13: invokevirtual #318                // Method scala/Tuple3._3:()Ljava/lang/Object;
      16: checkcast     #235                // class java/nio/file/Path
      19: astore        4
      21: getstatic     #54                 // Field zio/ZIO$.MODULE$:Lzio/ZIO$;
      24: aload_3
      25: invokedynamic #327,  0            // InvokeDynamic #7:apply$mcZ$sp:(Ljava/io/File;)Lscala/runtime/java8/JFunction0$mcZ$sp;
      30: aload_0
      31: invokevirtual #330                // Method zio/ZIO$.attemptBlocking:(Lscala/Function0;Ljava/lang/Object;)Lzio/ZIO;
      34: aload         4
      36: invokedynamic #340,  0            // InvokeDynamic #8:apply:(Ljava/nio/file/Path;)Lscala/Function1;
      41: aload_0
      42: invokeinterface #162,  3          // InterfaceMethod zio/ZIO.map:(Lscala/Function1;Ljava/lang/Object;)Lzio/ZIO;
      47: astore_2
      48: goto          60
      51: new           #342                // class scala/MatchError
      54: dup
      55: aconst_null
      56: invokespecial #345                // Method scala/MatchError."<init>":(Ljava/lang/Object;)V
      59: athrow
      60: aload_2
      61: areturn

  public static final java.nio.file.Path $anonfun$writeSampleToFile$1(java.nio.file.Path, java.lang.String);
    Code:
       0: aload_0
       1: aload_1
       2: ldc_w         #350                // String UTF-8
       5: invokevirtual #354                // Method java/lang/String.getBytes:(Ljava/lang/String;)[B
       8: iconst_0
       9: anewarray     #356                // class java/nio/file/OpenOption
      12: invokestatic  #362                // Method java/nio/file/Files.write:(Ljava/nio/file/Path;[B[Ljava/nio/file/OpenOption;)Ljava/nio/file/Path;
      15: areturn

  public static final java.lang.Exception $anonfun$readSampleFromFile$3(java.lang.String);
    Code:
       0: new           #367                // class java/lang/Exception
       3: dup
       4: aload_0
       5: invokespecial #370                // Method java/lang/Exception."<init>":(Ljava/lang/String;)V
       8: areturn

  public static final scala.util.Either $anonfun$readSampleFromFile$2(zio.json.ast.Json);
    Code:
       0: aload_0
       1: getstatic     #378                // Field zio/json/JsonDecoder$.MODULE$:Lzio/json/JsonDecoder$;
       4: getstatic     #198                // Field zio/json/golden/GoldenSample$.MODULE$:Lzio/json/golden/GoldenSample$;
       7: invokevirtual #202                // Method zio/json/golden/GoldenSample$.jsonCodec:()Lzio/json/JsonCodec;
      10: invokevirtual #381                // Method zio/json/JsonDecoder$.fromCodec:(Lzio/json/JsonCodec;)Lzio/json/JsonDecoder;
      13: invokevirtual #387                // Method zio/json/ast/Json.as:(Lzio/json/JsonDecoder;)Lscala/util/Either;
      16: invokevirtual #391                // Method scala/util/Either.left:()Lscala/util/Either$LeftProjection;
      19: invokedynamic #398,  0            // InvokeDynamic #9:apply:()Lscala/Function1;
      24: invokevirtual #401                // Method scala/util/Either$LeftProjection.map:(Lscala/Function1;)Lscala/util/Either;
      27: areturn

  public static final zio.json.golden.GoldenSample $anonfun$readSampleFromFile$4(zio.json.golden.GoldenSample);
    Code:
       0: aload_0
       1: areturn

  public static final zio.ZIO $anonfun$readSampleFromFile$1(java.lang.Object, zio.json.ast.Json);
    Code:
       0: getstatic     #54                 // Field zio/ZIO$.MODULE$:Lzio/ZIO$;
       3: aload_1
       4: invokedynamic #414,  0            // InvokeDynamic #10:apply:(Lzio/json/ast/Json;)Lscala/Function0;
       9: aload_0
      10: invokevirtual #417                // Method zio/ZIO$.fromEither:(Lscala/Function0;Ljava/lang/Object;)Lzio/ZIO;
      13: invokedynamic #422,  0            // InvokeDynamic #11:apply:()Lscala/Function1;
      18: aload_0
      19: invokeinterface #162,  3          // InterfaceMethod zio/ZIO.map:(Lscala/Function1;Ljava/lang/Object;)Lzio/ZIO;
      24: areturn

  private zio.json.golden.filehelpers$();
    Code:
       0: aload_0
       1: invokespecial #423                // Method java/lang/Object."<init>":()V
       4: aload_0
       5: putstatic     #284                // Field MODULE$:Lzio/json/golden/filehelpers$;
       8: return

  public static final java.nio.file.Path $anonfun$createGoldenDirectory$4$adapted(java.nio.file.Path, java.lang.Object);
    Code:
       0: aload_0
       1: aload_1
       2: invokestatic  #428                // Method scala/runtime/BoxesRunTime.unboxToBoolean:(Ljava/lang/Object;)Z
       5: invokestatic  #430                // Method $anonfun$createGoldenDirectory$4:(Ljava/nio/file/Path;Z)Ljava/nio/file/Path;
       8: areturn

  private static java.lang.Object $deserializeLambda$(java.lang.invoke.SerializedLambda);
    Code:
       0: aload_0
       1: invokedynamic #442,  0            // InvokeDynamic #12:lambdaDeserialize:(Ljava/lang/invoke/SerializedLambda;)Ljava/lang/Object;
       6: areturn
}
