Compiled from "GoldenSample.scala"
public final class zio.json.golden.GoldenSample$$anon$1 extends magnolia1.CaseClass<zio.json.JsonEncoder, zio.json.golden.GoldenSample> {
  private final magnolia1.Param[] parameters$macro$4$1;

  private final magnolia1.TypeName typeName$macro$2$1;

  public <Return> zio.json.golden.GoldenSample construct(scala.Function1<magnolia1.Param<zio.json.JsonEncoder, zio.json.golden.GoldenSample>, Return>);
    Code:
       0: new           #28                 // class zio/json/golden/GoldenSample
       3: dup
       4: aload_1
       5: aload_0
       6: getfield      #30                 // Field parameters$macro$4$1:[Lmagnolia1/Param;
       9: iconst_0
      10: aaload
      11: invokeinterface #36,  2           // InterfaceMethod scala/Function1.apply:(Ljava/lang/Object;)Ljava/lang/Object;
      16: checkcast     #38                 // class zio/json/ast/Json
      19: invokespecial #42                 // Method zio/json/golden/GoldenSample."<init>":(Lzio/json/ast/Json;)V
      22: areturn

  public <F$macro$5, Return> F$macro$5 constructMonadic(scala.Function1<magnolia1.Param<zio.json.JsonEncoder, zio.json.golden.GoldenSample>, F$macro$5>, magnolia1.Monadic<F$macro$5>);
    Code:
       0: getstatic     #53                 // Field magnolia1/Monadic$Ops$.MODULE$:Lmagnolia1/Monadic$Ops$;
       3: aload_1
       4: aload_0
       5: getfield      #30                 // Field parameters$macro$4$1:[Lmagnolia1/Param;
       8: iconst_0
       9: aaload
      10: invokeinterface #36,  2           // InterfaceMethod scala/Function1.apply:(Ljava/lang/Object;)Ljava/lang/Object;
      15: invokedynamic #74,  0             // InvokeDynamic #0:apply:()Lscala/Function1;
      20: aload_2
      21: invokevirtual #78                 // Method magnolia1/Monadic$Ops$.map$extension:(Ljava/lang/Object;Lscala/Function1;Lmagnolia1/Monadic;)Ljava/lang/Object;
      24: areturn

  public <Err, PType> scala.util.Either<scala.collection.immutable.List<Err>, zio.json.golden.GoldenSample> constructEither(scala.Function1<magnolia1.Param<zio.json.JsonEncoder, zio.json.golden.GoldenSample>, scala.util.Either<Err, PType>>);
    Code:
       0: aload_1
       1: aload_0
       2: getfield      #30                 // Field parameters$macro$4$1:[Lmagnolia1/Param;
       5: iconst_0
       6: aaload
       7: invokeinterface #36,  2           // InterfaceMethod scala/Function1.apply:(Ljava/lang/Object;)Ljava/lang/Object;
      12: checkcast     #84                 // class scala/util/Either
      15: astore_3
      16: aload_3
      17: instanceof    #86                 // class scala/util/Right
      20: ifeq          57
      23: aload_3
      24: checkcast     #86                 // class scala/util/Right
      27: invokevirtual #90                 // Method scala/util/Right.value:()Ljava/lang/Object;
      30: checkcast     #38                 // class zio/json/ast/Json
      33: astore        4
      35: getstatic     #95                 // Field scala/package$.MODULE$:Lscala/package$;
      38: invokevirtual #99                 // Method scala/package$.Right:()Lscala/util/Right$;
      41: new           #28                 // class zio/json/golden/GoldenSample
      44: dup
      45: aload         4
      47: invokespecial #42                 // Method zio/json/golden/GoldenSample."<init>":(Lzio/json/ast/Json;)V
      50: invokevirtual #104                // Method scala/util/Right$.apply:(Ljava/lang/Object;)Lscala/util/Right;
      53: astore_2
      54: goto          90
      57: getstatic     #95                 // Field scala/package$.MODULE$:Lscala/package$;
      60: invokevirtual #108                // Method scala/package$.Left:()Lscala/util/Left$;
      63: getstatic     #113                // Field magnolia1/MagnoliaUtil$.MODULE$:Lmagnolia1/MagnoliaUtil$;
      66: getstatic     #118                // Field scala/Predef$.MODULE$:Lscala/Predef$;
      69: iconst_1
      70: anewarray     #84                 // class scala/util/Either
      73: dup
      74: iconst_0
      75: aload_3
      76: aastore
      77: checkcast     #120                // class "[Ljava/lang/Object;"
      80: invokevirtual #124                // Method scala/Predef$.wrapRefArray:([Ljava/lang/Object;)Lscala/collection/mutable/WrappedArray;
      83: invokevirtual #128                // Method magnolia1/MagnoliaUtil$.keepLeft:(Lscala/collection/Seq;)Lscala/collection/immutable/List;
      86: invokevirtual #133                // Method scala/util/Left$.apply:(Ljava/lang/Object;)Lscala/util/Left;
      89: astore_2
      90: aload_2
      91: areturn

  public zio.json.golden.GoldenSample rawConstruct(scala.collection.Seq<java.lang.Object>);
    Code:
       0: getstatic     #113                // Field magnolia1/MagnoliaUtil$.MODULE$:Lmagnolia1/MagnoliaUtil$;
       3: aload_1
       4: aload_0
       5: getfield      #30                 // Field parameters$macro$4$1:[Lmagnolia1/Param;
       8: arraylength
       9: aload_0
      10: getfield      #143                // Field typeName$macro$2$1:Lmagnolia1/TypeName;
      13: invokevirtual #149                // Method magnolia1/TypeName.full:()Ljava/lang/String;
      16: invokevirtual #153                // Method magnolia1/MagnoliaUtil$.checkParamLengths:(Lscala/collection/Seq;ILjava/lang/String;)V
      19: new           #28                 // class zio/json/golden/GoldenSample
      22: dup
      23: aload_1
      24: iconst_0
      25: invokeinterface #158,  2          // InterfaceMethod scala/collection/Seq.apply:(I)Ljava/lang/Object;
      30: checkcast     #38                 // class zio/json/ast/Json
      33: invokespecial #42                 // Method zio/json/golden/GoldenSample."<init>":(Lzio/json/ast/Json;)V
      36: areturn

  public java.lang.Object rawConstruct(scala.collection.Seq);
    Code:
       0: aload_0
       1: aload_1
       2: invokevirtual #162                // Method rawConstruct:(Lscala/collection/Seq;)Lzio/json/golden/GoldenSample;
       5: areturn

  public java.lang.Object construct(scala.Function1);
    Code:
       0: aload_0
       1: aload_1
       2: invokevirtual #165                // Method construct:(Lscala/Function1;)Lzio/json/golden/GoldenSample;
       5: areturn

  public static final zio.json.golden.GoldenSample $anonfun$constructMonadic$1(zio.json.ast.Json);
    Code:
       0: new           #28                 // class zio/json/golden/GoldenSample
       3: dup
       4: aload_0
       5: invokespecial #42                 // Method zio/json/golden/GoldenSample."<init>":(Lzio/json/ast/Json;)V
       8: areturn

  public zio.json.golden.GoldenSample$$anon$1(magnolia1.TypeName, magnolia1.Param[]);
    Code:
       0: aload_0
       1: aload_2
       2: putfield      #30                 // Field parameters$macro$4$1:[Lmagnolia1/Param;
       5: aload_0
       6: aload_1
       7: putfield      #143                // Field typeName$macro$2$1:Lmagnolia1/TypeName;
      10: aload_0
      11: aload_1
      12: iconst_0
      13: iconst_0
      14: aload_2
      15: getstatic     #171                // Field scala/Array$.MODULE$:Lscala/Array$;
      18: getstatic     #176                // Field scala/collection/immutable/Nil$.MODULE$:Lscala/collection/immutable/Nil$;
      21: getstatic     #181                // Field scala/reflect/ClassTag$.MODULE$:Lscala/reflect/ClassTag$;
      24: invokevirtual #185                // Method scala/reflect/ClassTag$.Any:()Lscala/reflect/ClassTag;
      27: invokevirtual #188                // Method scala/Array$.apply:(Lscala/collection/Seq;Lscala/reflect/ClassTag;)Ljava/lang/Object;
      30: checkcast     #120                // class "[Ljava/lang/Object;"
      33: getstatic     #171                // Field scala/Array$.MODULE$:Lscala/Array$;
      36: getstatic     #176                // Field scala/collection/immutable/Nil$.MODULE$:Lscala/collection/immutable/Nil$;
      39: getstatic     #181                // Field scala/reflect/ClassTag$.MODULE$:Lscala/reflect/ClassTag$;
      42: invokevirtual #185                // Method scala/reflect/ClassTag$.Any:()Lscala/reflect/ClassTag;
      45: invokevirtual #188                // Method scala/Array$.apply:(Lscala/collection/Seq;Lscala/reflect/ClassTag;)Ljava/lang/Object;
      48: checkcast     #120                // class "[Ljava/lang/Object;"
      51: getstatic     #171                // Field scala/Array$.MODULE$:Lscala/Array$;
      54: getstatic     #176                // Field scala/collection/immutable/Nil$.MODULE$:Lscala/collection/immutable/Nil$;
      57: getstatic     #181                // Field scala/reflect/ClassTag$.MODULE$:Lscala/reflect/ClassTag$;
      60: invokevirtual #185                // Method scala/reflect/ClassTag$.Any:()Lscala/reflect/ClassTag;
      63: invokevirtual #188                // Method scala/Array$.apply:(Lscala/collection/Seq;Lscala/reflect/ClassTag;)Ljava/lang/Object;
      66: checkcast     #120                // class "[Ljava/lang/Object;"
      69: invokespecial #191                // Method magnolia1/CaseClass."<init>":(Lmagnolia1/TypeName;ZZ[Lmagnolia1/Param;[Ljava/lang/Object;[Ljava/lang/Object;[Ljava/lang/Object;)V
      72: return

  private static java.lang.Object $deserializeLambda$(java.lang.invoke.SerializedLambda);
    Code:
       0: aload_0
       1: invokedynamic #203,  0            // InvokeDynamic #1:lambdaDeserialize:(Ljava/lang/invoke/SerializedLambda;)Ljava/lang/Object;
       6: areturn
}
