Compiled from "GoldenSample.scala"
public class zio.json.golden.GoldenSample implements scala.Product,scala.Serializable {
  private final zio.json.ast.Json samples;

  public static scala.Option<zio.json.ast.Json> unapply(zio.json.golden.GoldenSample);
    Code:
       0: getstatic     #24                 // Field zio/json/golden/GoldenSample$.MODULE$:Lzio/json/golden/GoldenSample$;
       3: aload_0
       4: invokevirtual #26                 // Method zio/json/golden/GoldenSample$.unapply:(Lzio/json/golden/GoldenSample;)Lscala/Option;
       7: areturn

  public static zio.json.golden.GoldenSample apply(zio.json.ast.Json);
    Code:
       0: getstatic     #24                 // Field zio/json/golden/GoldenSample$.MODULE$:Lzio/json/golden/GoldenSample$;
       3: aload_0
       4: invokevirtual #30                 // Method zio/json/golden/GoldenSample$.apply:(Lzio/json/ast/Json;)Lzio/json/golden/GoldenSample;
       7: areturn

  public static zio.json.JsonCodec<zio.json.golden.GoldenSample> jsonCodec();
    Code:
       0: getstatic     #24                 // Field zio/json/golden/GoldenSample$.MODULE$:Lzio/json/golden/GoldenSample$;
       3: invokevirtual #35                 // Method zio/json/golden/GoldenSample$.jsonCodec:()Lzio/json/JsonCodec;
       6: areturn

  public zio.json.ast.Json samples();
    Code:
       0: aload_0
       1: getfield      #38                 // Field samples:Lzio/json/ast/Json;
       4: areturn

  public zio.json.golden.GoldenSample copy(zio.json.ast.Json);
    Code:
       0: new           #2                  // class zio/json/golden/GoldenSample
       3: dup
       4: aload_1
       5: invokespecial #45                 // Method "<init>":(Lzio/json/ast/Json;)V
       8: areturn

  public zio.json.ast.Json copy$default$1();
    Code:
       0: aload_0
       1: invokevirtual #48                 // Method samples:()Lzio/json/ast/Json;
       4: areturn

  public java.lang.String productPrefix();
    Code:
       0: ldc           #52                 // String GoldenSample
       2: areturn

  public int productArity();
    Code:
       0: iconst_1
       1: ireturn

  public java.lang.Object productElement(int);
    Code:
       0: iload_1
       1: tableswitch   { // 0 to 0
                     0: 20
               default: 25
          }
      20: aload_0
      21: invokevirtual #48                 // Method samples:()Lzio/json/ast/Json;
      24: areturn
      25: new           #59                 // class java/lang/IndexOutOfBoundsException
      28: dup
      29: iload_1
      30: invokestatic  #65                 // Method java/lang/Integer.toString:(I)Ljava/lang/String;
      33: invokespecial #68                 // Method java/lang/IndexOutOfBoundsException."<init>":(Ljava/lang/String;)V
      36: athrow

  public scala.collection.Iterator<java.lang.Object> productIterator();
    Code:
       0: getstatic     #77                 // Field scala/runtime/ScalaRunTime$.MODULE$:Lscala/runtime/ScalaRunTime$;
       3: aload_0
       4: invokevirtual #81                 // Method scala/runtime/ScalaRunTime$.typedProductIterator:(Lscala/Product;)Lscala/collection/Iterator;
       7: areturn

  public boolean canEqual(java.lang.Object);
    Code:
       0: aload_1
       1: instanceof    #2                  // class zio/json/golden/GoldenSample
       4: ireturn

  public int hashCode();
    Code:
       0: getstatic     #77                 // Field scala/runtime/ScalaRunTime$.MODULE$:Lscala/runtime/ScalaRunTime$;
       3: aload_0
       4: invokevirtual #89                 // Method scala/runtime/ScalaRunTime$._hashCode:(Lscala/Product;)I
       7: ireturn

  public java.lang.String toString();
    Code:
       0: getstatic     #77                 // Field scala/runtime/ScalaRunTime$.MODULE$:Lscala/runtime/ScalaRunTime$;
       3: aload_0
       4: invokevirtual #93                 // Method scala/runtime/ScalaRunTime$._toString:(Lscala/Product;)Ljava/lang/String;
       7: areturn

  public boolean equals(java.lang.Object);
    Code:
       0: aload_0
       1: aload_1
       2: if_acmpeq     75
       5: aload_1
       6: instanceof    #2                  // class zio/json/golden/GoldenSample
       9: ifeq          17
      12: iconst_1
      13: istore_2
      14: goto          19
      17: iconst_0
      18: istore_2
      19: iload_2
      20: ifeq          77
      23: aload_1
      24: checkcast     #2                  // class zio/json/golden/GoldenSample
      27: astore_3
      28: aload_0
      29: invokevirtual #48                 // Method samples:()Lzio/json/ast/Json;
      32: aload_3
      33: invokevirtual #48                 // Method samples:()Lzio/json/ast/Json;
      36: astore        4
      38: dup
      39: ifnonnull     51
      42: pop
      43: aload         4
      45: ifnull        59
      48: goto          71
      51: aload         4
      53: invokevirtual #96                 // Method java/lang/Object.equals:(Ljava/lang/Object;)Z
      56: ifeq          71
      59: aload_3
      60: aload_0
      61: invokevirtual #98                 // Method canEqual:(Ljava/lang/Object;)Z
      64: ifeq          71
      67: iconst_1
      68: goto          72
      71: iconst_0
      72: ifeq          77
      75: iconst_1
      76: ireturn
      77: iconst_0
      78: ireturn

  public zio.json.golden.GoldenSample(zio.json.ast.Json);
    Code:
       0: aload_0
       1: aload_1
       2: putfield      #38                 // Field samples:Lzio/json/ast/Json;
       5: aload_0
       6: invokespecial #103                // Method java/lang/Object."<init>":()V
       9: aload_0
      10: invokestatic  #107                // InterfaceMethod scala/Product.$init$:(Lscala/Product;)V
      13: return
}
