Compiled from "GoldenConfiguration.scala"
public final class zio.json.golden.GoldenConfiguration implements scala.Product,scala.Serializable {
  private final java.lang.String relativePath;

  private final int sampleSize;

  public static scala.Option<scala.Tuple2<java.lang.String, java.lang.Object>> unapply(zio.json.golden.GoldenConfiguration);
    Code:
       0: getstatic     #26                 // Field zio/json/golden/GoldenConfiguration$.MODULE$:Lzio/json/golden/GoldenConfiguration$;
       3: aload_0
       4: invokevirtual #28                 // Method zio/json/golden/GoldenConfiguration$.unapply:(Lzio/json/golden/GoldenConfiguration;)Lscala/Option;
       7: areturn

  public static zio.json.golden.GoldenConfiguration apply(java.lang.String, int);
    Code:
       0: getstatic     #26                 // Field zio/json/golden/GoldenConfiguration$.MODULE$:Lzio/json/golden/GoldenConfiguration$;
       3: aload_0
       4: iload_1
       5: invokevirtual #32                 // Method zio/json/golden/GoldenConfiguration$.apply:(Ljava/lang/String;I)Lzio/json/golden/GoldenConfiguration;
       8: areturn

  public static zio.json.golden.GoldenConfiguration default();
    Code:
       0: getstatic     #26                 // Field zio/json/golden/GoldenConfiguration$.MODULE$:Lzio/json/golden/GoldenConfiguration$;
       3: invokevirtual #36                 // Method zio/json/golden/GoldenConfiguration$.default:()Lzio/json/golden/GoldenConfiguration;
       6: areturn

  public java.lang.String relativePath();
    Code:
       0: aload_0
       1: getfield      #39                 // Field relativePath:Ljava/lang/String;
       4: areturn

  public int sampleSize();
    Code:
       0: aload_0
       1: getfield      #44                 // Field sampleSize:I
       4: ireturn

  public zio.json.golden.GoldenConfiguration copy(java.lang.String, int);
    Code:
       0: new           #2                  // class zio/json/golden/GoldenConfiguration
       3: dup
       4: aload_1
       5: iload_2
       6: invokespecial #49                 // Method "<init>":(Ljava/lang/String;I)V
       9: areturn

  public java.lang.String copy$default$1();
    Code:
       0: aload_0
       1: invokevirtual #52                 // Method relativePath:()Ljava/lang/String;
       4: areturn

  public int copy$default$2();
    Code:
       0: aload_0
       1: invokevirtual #55                 // Method sampleSize:()I
       4: ireturn

  public java.lang.String productPrefix();
    Code:
       0: ldc           #58                 // String GoldenConfiguration
       2: areturn

  public int productArity();
    Code:
       0: iconst_2
       1: ireturn

  public java.lang.Object productElement(int);
    Code:
       0: iload_1
       1: tableswitch   { // 0 to 1
                     0: 24
                     1: 29
               default: 37
          }
      24: aload_0
      25: invokevirtual #52                 // Method relativePath:()Ljava/lang/String;
      28: areturn
      29: aload_0
      30: invokevirtual #55                 // Method sampleSize:()I
      33: invokestatic  #68                 // Method scala/runtime/BoxesRunTime.boxToInteger:(I)Ljava/lang/Integer;
      36: areturn
      37: new           #70                 // class java/lang/IndexOutOfBoundsException
      40: dup
      41: iload_1
      42: invokestatic  #76                 // Method java/lang/Integer.toString:(I)Ljava/lang/String;
      45: invokespecial #79                 // Method java/lang/IndexOutOfBoundsException."<init>":(Ljava/lang/String;)V
      48: athrow

  public scala.collection.Iterator<java.lang.Object> productIterator();
    Code:
       0: getstatic     #87                 // Field scala/runtime/ScalaRunTime$.MODULE$:Lscala/runtime/ScalaRunTime$;
       3: aload_0
       4: invokevirtual #91                 // Method scala/runtime/ScalaRunTime$.typedProductIterator:(Lscala/Product;)Lscala/collection/Iterator;
       7: areturn

  public boolean canEqual(java.lang.Object);
    Code:
       0: aload_1
       1: instanceof    #2                  // class zio/json/golden/GoldenConfiguration
       4: ireturn

  public int hashCode();
    Code:
       0: ldc           #96                 // int -889275714
       2: aload_0
       3: invokevirtual #52                 // Method relativePath:()Ljava/lang/String;
       6: invokestatic  #102                // Method scala/runtime/Statics.anyHash:(Ljava/lang/Object;)I
       9: invokestatic  #106                // Method scala/runtime/Statics.mix:(II)I
      12: aload_0
      13: invokevirtual #55                 // Method sampleSize:()I
      16: invokestatic  #106                // Method scala/runtime/Statics.mix:(II)I
      19: iconst_2
      20: invokestatic  #109                // Method scala/runtime/Statics.finalizeHash:(II)I
      23: ireturn

  public java.lang.String toString();
    Code:
       0: getstatic     #87                 // Field scala/runtime/ScalaRunTime$.MODULE$:Lscala/runtime/ScalaRunTime$;
       3: aload_0
       4: invokevirtual #113                // Method scala/runtime/ScalaRunTime$._toString:(Lscala/Product;)Ljava/lang/String;
       7: areturn

  public boolean equals(java.lang.Object);
    Code:
       0: aload_0
       1: aload_1
       2: if_acmpeq     78
       5: aload_1
       6: instanceof    #2                  // class zio/json/golden/GoldenConfiguration
       9: ifeq          17
      12: iconst_1
      13: istore_2
      14: goto          19
      17: iconst_0
      18: istore_2
      19: iload_2
      20: ifeq          80
      23: aload_1
      24: checkcast     #2                  // class zio/json/golden/GoldenConfiguration
      27: astore_3
      28: aload_0
      29: invokevirtual #52                 // Method relativePath:()Ljava/lang/String;
      32: aload_3
      33: invokevirtual #52                 // Method relativePath:()Ljava/lang/String;
      36: astore        4
      38: dup
      39: ifnonnull     51
      42: pop
      43: aload         4
      45: ifnull        59
      48: goto          74
      51: aload         4
      53: invokevirtual #116                // Method java/lang/Object.equals:(Ljava/lang/Object;)Z
      56: ifeq          74
      59: aload_0
      60: invokevirtual #55                 // Method sampleSize:()I
      63: aload_3
      64: invokevirtual #55                 // Method sampleSize:()I
      67: if_icmpne     74
      70: iconst_1
      71: goto          75
      74: iconst_0
      75: ifeq          80
      78: iconst_1
      79: ireturn
      80: iconst_0
      81: ireturn

  public zio.json.golden.GoldenConfiguration(java.lang.String, int);
    Code:
       0: aload_0
       1: aload_1
       2: putfield      #39                 // Field relativePath:Ljava/lang/String;
       5: aload_0
       6: iload_2
       7: putfield      #44                 // Field sampleSize:I
      10: aload_0
      11: invokespecial #121                // Method java/lang/Object."<init>":()V
      14: aload_0
      15: invokestatic  #125                // InterfaceMethod scala/Product.$init$:(Lscala/Product;)V
      18: return
}
