Compiled from "GoldenConfiguration.scala"
public final class zio.json.golden.GoldenConfiguration$ implements scala.Serializable {
  public static zio.json.golden.GoldenConfiguration$ MODULE$;

  private final zio.json.golden.GoldenConfiguration default;

  public static {};
    Code:
       0: new           #2                  // class zio/json/golden/GoldenConfiguration$
       3: invokespecial #16                 // Method "<init>":()V
       6: return

  public zio.json.golden.GoldenConfiguration default();
    Code:
       0: aload_0
       1: getfield      #19                 // Field default:Lzio/json/golden/GoldenConfiguration;
       4: areturn

  public zio.json.golden.GoldenConfiguration apply(java.lang.String, int);
    Code:
       0: new           #26                 // class zio/json/golden/GoldenConfiguration
       3: dup
       4: aload_1
       5: iload_2
       6: invokespecial #29                 // Method zio/json/golden/GoldenConfiguration."<init>":(Ljava/lang/String;I)V
       9: areturn

  public scala.Option<scala.Tuple2<java.lang.String, java.lang.Object>> unapply(zio.json.golden.GoldenConfiguration);
    Code:
       0: aload_1
       1: ifnonnull     8
       4: getstatic     #40                 // Field scala/None$.MODULE$:Lscala/None$;
       7: areturn
       8: new           #42                 // class scala/Some
      11: dup
      12: new           #44                 // class scala/Tuple2
      15: dup
      16: aload_1
      17: invokevirtual #47                 // Method zio/json/golden/GoldenConfiguration.relativePath:()Ljava/lang/String;
      20: aload_1
      21: invokevirtual #50                 // Method zio/json/golden/GoldenConfiguration.sampleSize:()I
      24: invokestatic  #56                 // Method scala/runtime/BoxesRunTime.boxToInteger:(I)Ljava/lang/Integer;
      27: invokespecial #59                 // Method scala/Tuple2."<init>":(Ljava/lang/Object;Ljava/lang/Object;)V
      30: invokespecial #62                 // Method scala/Some."<init>":(Ljava/lang/Object;)V
      33: areturn

  private java.lang.Object readResolve();
    Code:
       0: getstatic     #66                 // Field MODULE$:Lzio/json/golden/GoldenConfiguration$;
       3: areturn

  private zio.json.golden.GoldenConfiguration$();
    Code:
       0: aload_0
       1: invokespecial #67                 // Method java/lang/Object."<init>":()V
       4: aload_0
       5: putstatic     #66                 // Field MODULE$:Lzio/json/golden/GoldenConfiguration$;
       8: aload_0
       9: new           #26                 // class zio/json/golden/GoldenConfiguration
      12: dup
      13: ldc           #69                 // String
      15: bipush        20
      17: invokespecial #29                 // Method zio/json/golden/GoldenConfiguration."<init>":(Ljava/lang/String;I)V
      20: putfield      #19                 // Field default:Lzio/json/golden/GoldenConfiguration;
      23: return
}
