Compiled from "GoldenSample.scala"
public final class zio.json.golden.GoldenSample$ implements scala.Serializable {
  public static zio.json.golden.GoldenSample$ MODULE$;

  private final zio.json.JsonCodec<zio.json.golden.GoldenSample> jsonCodec;

  public static {};
    Code:
       0: new           #2                  // class zio/json/golden/GoldenSample$
       3: invokespecial #26                 // Method "<init>":()V
       6: return

  public zio.json.JsonCodec<zio.json.golden.GoldenSample> jsonCodec();
    Code:
       0: aload_0
       1: getfield      #30                 // Field jsonCodec:Lzio/json/JsonCodec;
       4: areturn

  public zio.json.golden.GoldenSample apply(zio.json.ast.Json);
    Code:
       0: new           #36                 // class zio/json/golden/GoldenSample
       3: dup
       4: aload_1
       5: invokespecial #39                 // Method zio/json/golden/GoldenSample."<init>":(Lzio/json/ast/Json;)V
       8: areturn

  public scala.Option<zio.json.ast.Json> unapply(zio.json.golden.GoldenSample);
    Code:
       0: aload_1
       1: ifnonnull     8
       4: getstatic     #49                 // Field scala/None$.MODULE$:Lscala/None$;
       7: areturn
       8: new           #51                 // class scala/Some
      11: dup
      12: aload_1
      13: invokevirtual #54                 // Method zio/json/golden/GoldenSample.samples:()Lzio/json/ast/Json;
      16: invokespecial #57                 // Method scala/Some."<init>":(Ljava/lang/Object;)V
      19: areturn

  private java.lang.Object readResolve();
    Code:
       0: getstatic     #62                 // Field MODULE$:Lzio/json/golden/GoldenSample$;
       3: areturn

  public static final zio.json.JsonEncoder $anonfun$jsonCodec$1(zio.json.JsonEncoder);
    Code:
       0: aload_0
       1: areturn

  public static final scala.None$ $anonfun$jsonCodec$2();
    Code:
       0: getstatic     #49                 // Field scala/None$.MODULE$:Lscala/None$;
       3: areturn

  public static final zio.json.JsonDecoder $anonfun$jsonCodec$3(zio.json.JsonDecoder);
    Code:
       0: aload_0
       1: areturn

  public static final scala.None$ $anonfun$jsonCodec$4();
    Code:
       0: getstatic     #49                 // Field scala/None$.MODULE$:Lscala/None$;
       3: areturn

  private zio.json.golden.GoldenSample$();
    Code:
       0: aload_0
       1: invokespecial #74                 // Method java/lang/Object."<init>":()V
       4: aload_0
       5: putstatic     #62                 // Field MODULE$:Lzio/json/golden/GoldenSample$;
       8: aload_0
       9: getstatic     #79                 // Field zio/json/JsonCodec$.MODULE$:Lzio/json/JsonCodec$;
      12: getstatic     #84                 // Field zio/json/ast/Json$.MODULE$:Lzio/json/ast/Json$;
      15: invokevirtual #88                 // Method zio/json/ast/Json$.encoder:()Lzio/json/JsonEncoder;
      18: astore_1
      19: iconst_1
      20: anewarray     #90                 // class magnolia1/Param
      23: astore_2
      24: aload_2
      25: iconst_0
      26: getstatic     #95                 // Field magnolia1/Param$.MODULE$:Lmagnolia1/Param$;
      29: ldc           #96                 // String samples
      31: new           #98                 // class magnolia1/TypeName
      34: dup
      35: ldc           #100                // String zio.json.ast
      37: ldc           #102                // String Json
      39: getstatic     #107                // Field scala/collection/immutable/Nil$.MODULE$:Lscala/collection/immutable/Nil$;
      42: invokespecial #110                // Method magnolia1/TypeName."<init>":(Ljava/lang/String;Ljava/lang/String;Lscala/collection/Seq;)V
      45: iconst_0
      46: iconst_0
      47: getstatic     #115                // Field magnolia1/CallByNeed$.MODULE$:Lmagnolia1/CallByNeed$;
      50: aload_1
      51: invokedynamic #132,  0            // InvokeDynamic #0:apply:(Lzio/json/JsonEncoder;)Lscala/Function0;
      56: invokevirtual #135                // Method magnolia1/CallByNeed$.apply:(Lscala/Function0;)Lmagnolia1/CallByNeed;
      59: getstatic     #115                // Field magnolia1/CallByNeed$.MODULE$:Lmagnolia1/CallByNeed$;
      62: invokedynamic #142,  0            // InvokeDynamic #1:apply:()Lscala/Function0;
      67: invokevirtual #135                // Method magnolia1/CallByNeed$.apply:(Lscala/Function0;)Lmagnolia1/CallByNeed;
      70: getstatic     #147                // Field scala/Array$.MODULE$:Lscala/Array$;
      73: getstatic     #107                // Field scala/collection/immutable/Nil$.MODULE$:Lscala/collection/immutable/Nil$;
      76: getstatic     #152                // Field scala/reflect/ClassTag$.MODULE$:Lscala/reflect/ClassTag$;
      79: invokevirtual #156                // Method scala/reflect/ClassTag$.Any:()Lscala/reflect/ClassTag;
      82: invokevirtual #159                // Method scala/Array$.apply:(Lscala/collection/Seq;Lscala/reflect/ClassTag;)Ljava/lang/Object;
      85: checkcast     #161                // class "[Ljava/lang/Object;"
      88: getstatic     #147                // Field scala/Array$.MODULE$:Lscala/Array$;
      91: getstatic     #107                // Field scala/collection/immutable/Nil$.MODULE$:Lscala/collection/immutable/Nil$;
      94: getstatic     #152                // Field scala/reflect/ClassTag$.MODULE$:Lscala/reflect/ClassTag$;
      97: invokevirtual #156                // Method scala/reflect/ClassTag$.Any:()Lscala/reflect/ClassTag;
     100: invokevirtual #159                // Method scala/Array$.apply:(Lscala/collection/Seq;Lscala/reflect/ClassTag;)Ljava/lang/Object;
     103: checkcast     #161                // class "[Ljava/lang/Object;"
     106: getstatic     #147                // Field scala/Array$.MODULE$:Lscala/Array$;
     109: getstatic     #107                // Field scala/collection/immutable/Nil$.MODULE$:Lscala/collection/immutable/Nil$;
     112: getstatic     #152                // Field scala/reflect/ClassTag$.MODULE$:Lscala/reflect/ClassTag$;
     115: invokevirtual #156                // Method scala/reflect/ClassTag$.Any:()Lscala/reflect/ClassTag;
     118: invokevirtual #159                // Method scala/Array$.apply:(Lscala/collection/Seq;Lscala/reflect/ClassTag;)Ljava/lang/Object;
     121: checkcast     #161                // class "[Ljava/lang/Object;"
     124: invokevirtual #164                // Method magnolia1/Param$.apply:(Ljava/lang/String;Lmagnolia1/TypeName;IZLmagnolia1/CallByNeed;Lmagnolia1/CallByNeed;[Ljava/lang/Object;[Ljava/lang/Object;[Ljava/lang/Object;)Lmagnolia1/Param;
     127: aastore
     128: new           #98                 // class magnolia1/TypeName
     131: dup
     132: ldc           #166                // String zio.json.golden
     134: ldc           #168                // String GoldenSample
     136: getstatic     #107                // Field scala/collection/immutable/Nil$.MODULE$:Lscala/collection/immutable/Nil$;
     139: invokespecial #110                // Method magnolia1/TypeName."<init>":(Ljava/lang/String;Ljava/lang/String;Lscala/collection/Seq;)V
     142: astore_3
     143: getstatic     #173                // Field zio/json/DeriveJsonEncoder$.MODULE$:Lzio/json/DeriveJsonEncoder$;
     146: new           #14                 // class zio/json/golden/GoldenSample$$anon$1
     149: dup
     150: aload_3
     151: aload_2
     152: invokespecial #176                // Method zio/json/golden/GoldenSample$$anon$1."<init>":(Lmagnolia1/TypeName;[Lmagnolia1/Param;)V
     155: getstatic     #181                // Field zio/json/JsonCodecConfiguration$.MODULE$:Lzio/json/JsonCodecConfiguration$;
     158: invokevirtual #185                // Method zio/json/JsonCodecConfiguration$.default:()Lzio/json/JsonCodecConfiguration;
     161: invokevirtual #189                // Method zio/json/DeriveJsonEncoder$.join:(Lmagnolia1/CaseClass;Lzio/json/JsonCodecConfiguration;)Lzio/json/JsonEncoder;
     164: getstatic     #84                 // Field zio/json/ast/Json$.MODULE$:Lzio/json/ast/Json$;
     167: invokevirtual #193                // Method zio/json/ast/Json$.decoder:()Lzio/json/JsonDecoder;
     170: astore        4
     172: iconst_1
     173: anewarray     #90                 // class magnolia1/Param
     176: astore        5
     178: aload         5
     180: iconst_0
     181: getstatic     #95                 // Field magnolia1/Param$.MODULE$:Lmagnolia1/Param$;
     184: ldc           #96                 // String samples
     186: new           #98                 // class magnolia1/TypeName
     189: dup
     190: ldc           #100                // String zio.json.ast
     192: ldc           #102                // String Json
     194: getstatic     #107                // Field scala/collection/immutable/Nil$.MODULE$:Lscala/collection/immutable/Nil$;
     197: invokespecial #110                // Method magnolia1/TypeName."<init>":(Ljava/lang/String;Ljava/lang/String;Lscala/collection/Seq;)V
     200: iconst_0
     201: iconst_0
     202: getstatic     #115                // Field magnolia1/CallByNeed$.MODULE$:Lmagnolia1/CallByNeed$;
     205: aload         4
     207: invokedynamic #200,  0            // InvokeDynamic #2:apply:(Lzio/json/JsonDecoder;)Lscala/Function0;
     212: invokevirtual #135                // Method magnolia1/CallByNeed$.apply:(Lscala/Function0;)Lmagnolia1/CallByNeed;
     215: getstatic     #115                // Field magnolia1/CallByNeed$.MODULE$:Lmagnolia1/CallByNeed$;
     218: invokedynamic #204,  0            // InvokeDynamic #3:apply:()Lscala/Function0;
     223: invokevirtual #135                // Method magnolia1/CallByNeed$.apply:(Lscala/Function0;)Lmagnolia1/CallByNeed;
     226: getstatic     #147                // Field scala/Array$.MODULE$:Lscala/Array$;
     229: getstatic     #107                // Field scala/collection/immutable/Nil$.MODULE$:Lscala/collection/immutable/Nil$;
     232: getstatic     #152                // Field scala/reflect/ClassTag$.MODULE$:Lscala/reflect/ClassTag$;
     235: invokevirtual #156                // Method scala/reflect/ClassTag$.Any:()Lscala/reflect/ClassTag;
     238: invokevirtual #159                // Method scala/Array$.apply:(Lscala/collection/Seq;Lscala/reflect/ClassTag;)Ljava/lang/Object;
     241: checkcast     #161                // class "[Ljava/lang/Object;"
     244: getstatic     #147                // Field scala/Array$.MODULE$:Lscala/Array$;
     247: getstatic     #107                // Field scala/collection/immutable/Nil$.MODULE$:Lscala/collection/immutable/Nil$;
     250: getstatic     #152                // Field scala/reflect/ClassTag$.MODULE$:Lscala/reflect/ClassTag$;
     253: invokevirtual #156                // Method scala/reflect/ClassTag$.Any:()Lscala/reflect/ClassTag;
     256: invokevirtual #159                // Method scala/Array$.apply:(Lscala/collection/Seq;Lscala/reflect/ClassTag;)Ljava/lang/Object;
     259: checkcast     #161                // class "[Ljava/lang/Object;"
     262: getstatic     #147                // Field scala/Array$.MODULE$:Lscala/Array$;
     265: getstatic     #107                // Field scala/collection/immutable/Nil$.MODULE$:Lscala/collection/immutable/Nil$;
     268: getstatic     #152                // Field scala/reflect/ClassTag$.MODULE$:Lscala/reflect/ClassTag$;
     271: invokevirtual #156                // Method scala/reflect/ClassTag$.Any:()Lscala/reflect/ClassTag;
     274: invokevirtual #159                // Method scala/Array$.apply:(Lscala/collection/Seq;Lscala/reflect/ClassTag;)Ljava/lang/Object;
     277: checkcast     #161                // class "[Ljava/lang/Object;"
     280: invokevirtual #164                // Method magnolia1/Param$.apply:(Ljava/lang/String;Lmagnolia1/TypeName;IZLmagnolia1/CallByNeed;Lmagnolia1/CallByNeed;[Ljava/lang/Object;[Ljava/lang/Object;[Ljava/lang/Object;)Lmagnolia1/Param;
     283: aastore
     284: new           #98                 // class magnolia1/TypeName
     287: dup
     288: ldc           #166                // String zio.json.golden
     290: ldc           #168                // String GoldenSample
     292: getstatic     #107                // Field scala/collection/immutable/Nil$.MODULE$:Lscala/collection/immutable/Nil$;
     295: invokespecial #110                // Method magnolia1/TypeName."<init>":(Ljava/lang/String;Ljava/lang/String;Lscala/collection/Seq;)V
     298: astore        6
     300: getstatic     #209                // Field zio/json/DeriveJsonDecoder$.MODULE$:Lzio/json/DeriveJsonDecoder$;
     303: new           #16                 // class zio/json/golden/GoldenSample$$anon$2
     306: dup
     307: aload         6
     309: aload         5
     311: invokespecial #210                // Method zio/json/golden/GoldenSample$$anon$2."<init>":(Lmagnolia1/TypeName;[Lmagnolia1/Param;)V
     314: getstatic     #181                // Field zio/json/JsonCodecConfiguration$.MODULE$:Lzio/json/JsonCodecConfiguration$;
     317: invokevirtual #185                // Method zio/json/JsonCodecConfiguration$.default:()Lzio/json/JsonCodecConfiguration;
     320: invokevirtual #213                // Method zio/json/DeriveJsonDecoder$.join:(Lmagnolia1/CaseClass;Lzio/json/JsonCodecConfiguration;)Lzio/json/JsonDecoder;
     323: invokevirtual #216                // Method zio/json/JsonCodec$.apply:(Lzio/json/JsonEncoder;Lzio/json/JsonDecoder;)Lzio/json/JsonCodec;
     326: putfield      #30                 // Field jsonCodec:Lzio/json/JsonCodec;
     329: return

  private static java.lang.Object $deserializeLambda$(java.lang.invoke.SerializedLambda);
    Code:
       0: aload_0
       1: invokedynamic #236,  0            // InvokeDynamic #4:lambdaDeserialize:(Ljava/lang/invoke/SerializedLambda;)Ljava/lang/Object;
       6: areturn
}
