Compiled from "package.scala"
public final class zio.json.golden.package {
  public static <A> zio.test.Spec<zio.test.Annotations, java.lang.Throwable> goldenTest(zio.test.Gen<zio.test.Sized, A>, zio.package$Tag<A>, zio.json.JsonEncoder<A>, java.lang.Object, zio.json.golden.GoldenConfiguration);
    Code:
       0: getstatic     #27                 // Field zio/json/golden/package$.MODULE$:Lzio/json/golden/package$;
       3: aload_0
       4: aload_1
       5: aload_2
       6: aload_3
       7: aload         4
       9: invokevirtual #29                 // Method zio/json/golden/package$.goldenTest:(Lzio/test/Gen;Lzio/package$Tag;Lzio/json/JsonEncoder;Ljava/lang/Object;Lzio/json/golden/GoldenConfiguration;)Lzio/test/Spec;
      12: areturn
}
