Compiled from "package.scala"
public final class zio.json.golden.package$$anonfun$diffJsonValue$lzycompute$1 implements zio.test.diff.Diff<zio.json.ast.Json> {
  public boolean isLowPriority();
    Code:
       0: aload_0
       1: invokestatic  #16                 // InterfaceMethod zio/test/diff/Diff.isLowPriority$:(Lzio/test/diff/Diff;)Z
       4: ireturn

  public final zio.test.diff.DiffResult diff(zio.json.ast.Json, zio.json.ast.Json);
    Code:
       0: aload_1
       1: aload_2
       2: invokestatic  #25                 // Method zio/json/golden/package$.zio$json$golden$package$$$anonfun$diffJsonValue$1:(Lzio/json/ast/Json;Lzio/json/ast/Json;)Lzio/test/diff/DiffResult;
       5: areturn

  public final zio.test.diff.DiffResult diff(java.lang.Object, java.lang.Object);
    Code:
       0: aload_0
       1: aload_1
       2: checkcast     #29                 // class zio/json/ast/Json
       5: aload_2
       6: checkcast     #29                 // class zio/json/ast/Json
       9: invokevirtual #31                 // Method diff:(Lzio/json/ast/Json;Lzio/json/ast/Json;)Lzio/test/diff/DiffResult;
      12: areturn

  public zio.json.golden.package$$anonfun$diffJsonValue$lzycompute$1();
    Code:
       0: aload_0
       1: invokespecial #36                 // Method java/lang/Object."<init>":()V
       4: aload_0
       5: invokestatic  #40                 // InterfaceMethod zio/test/diff/Diff.$init$:(Lzio/test/diff/Diff;)V
       8: return
}
