Compiled from "package.scala"
public final class zio.json.golden.package$$anonfun$1 extends scala.runtime.AbstractPartialFunction<scala.util.Either<java.lang.String, zio.json.ast.Json>, zio.json.ast.Json> implements scala.Serializable {
  public static final long serialVersionUID;

  public final <A1 extends scala.util.Either<java.lang.String, zio.json.ast.Json>, B1> B1 applyOrElse(A1, scala.Function1<A1, B1>);
    Code:
       0: aload_1
       1: instanceof    #24                 // class scala/util/Right
       4: ifeq          21
       7: aload_1
       8: checkcast     #24                 // class scala/util/Right
      11: invokevirtual #28                 // Method scala/util/Right.value:()Ljava/lang/Object;
      14: checkcast     #30                 // class zio/json/ast/Json
      17: astore_3
      18: goto          29
      21: aload_2
      22: aload_1
      23: invokeinterface #36,  2           // InterfaceMethod scala/Function1.apply:(Ljava/lang/Object;)Ljava/lang/Object;
      28: astore_3
      29: aload_3
      30: areturn

  public final boolean isDefinedAt(scala.util.Either<java.lang.String, zio.json.ast.Json>);
    Code:
       0: aload_1
       1: instanceof    #24                 // class scala/util/Right
       4: ifeq          12
       7: iconst_1
       8: istore_2
       9: goto          14
      12: iconst_0
      13: istore_2
      14: iload_2
      15: ireturn

  public final boolean isDefinedAt(java.lang.Object);
    Code:
       0: aload_0
       1: aload_1
       2: checkcast     #49                 // class scala/util/Either
       5: invokevirtual #51                 // Method isDefinedAt:(Lscala/util/Either;)Z
       8: ireturn

  public final java.lang.Object applyOrElse(java.lang.Object, scala.Function1);
    Code:
       0: aload_0
       1: aload_1
       2: checkcast     #49                 // class scala/util/Either
       5: aload_2
       6: invokevirtual #55                 // Method applyOrElse:(Lscala/util/Either;Lscala/Function1;)Ljava/lang/Object;
       9: areturn

  public zio.json.golden.package$$anonfun$1();
    Code:
       0: aload_0
       1: invokespecial #59                 // Method scala/runtime/AbstractPartialFunction."<init>":()V
       4: return
}
